2025-11-19 09:05:44,457 | WARNING | discord.client | PyNaCl is not installed, voice will NOT be supported
2025-11-19 09:05:44,472 | INFO | discord.client | logging in using static token
2025-11-19 09:07:44,729 | WARNING | discord.client | PyNaCl is not installed, voice will NOT be supported
2025-11-19 09:07:44,905 | INFO | discord.client | logging in using static token
2025-11-19 09:07:46,321 | INFO | discord.gateway | Shard ID None has connected to Gateway (Session ID: aafbf5767b9cc6bea82dd557763d3c14).
2025-11-19 09:07:48,359 | INFO | discord | Bot démarré et connecté en tant que Logotage#9413
2025-11-19 09:08:03,045 | ERROR | discord | Erreur critique inattendue : 413 Payload Too Large (Simulé)
Traceback (most recent call last):
  File "C:\Users\thibault.dehu\OneDrive - Houlès\Bureau\vscode\logotage\bot.py", line 127, in on_message
    success = image_process.add_watermark(original_filename, logoted_filename)
              ^^^^^^^^^^^^^^^^^^^^^^^^^^^^^^^^^^^^^^^^^^^^^^^^^^^^^^^^^^^^^^^^
  File "C:\Users\thibault.dehu\OneDrive - Houlès\Bureau\vscode\logotage\image_process.py", line 15, in add_watermark
    raise Exception("413 Payload Too Large (Simulé)")
Exception: 413 Payload Too Large (Simulé)
2025-11-19 09:08:03,061 | ERROR | discord.client | Ignoring exception in on_message
Traceback (most recent call last):
  File "C:\Users\thibault.dehu\OneDrive - Houlès\Bureau\vscode\logotage\bot.py", line 127, in on_message
    success = image_process.add_watermark(original_filename, logoted_filename)
              ^^^^^^^^^^^^^^^^^^^^^^^^^^^^^^^^^^^^^^^^^^^^^^^^^^^^^^^^^^^^^^^^
  File "C:\Users\thibault.dehu\OneDrive - Houlès\Bureau\vscode\logotage\image_process.py", line 15, in add_watermark
    raise Exception("413 Payload Too Large (Simulé)")
Exception: 413 Payload Too Large (Simulé)

During handling of the above exception, another exception occurred:

Traceback (most recent call last):
  File "C:\Users\thibault.dehu\OneDrive - Houlès\Bureau\vscode\logotage\.venv\Lib\site-packages\discord\client.py", line 504, in _run_event
    await coro(*args, **kwargs)
  File "C:\Users\thibault.dehu\OneDrive - Houlès\Bureau\vscode\logotage\bot.py", line 187, in on_message
    embed.set_footer(text=timestamp_text)
    ^^^^^
UnboundLocalError: cannot access local variable 'embed' where it is not associated with a value
2025-11-19 09:08:53,462 | WARNING | discord.client | PyNaCl is not installed, voice will NOT be supported
2025-11-19 09:08:53,507 | INFO | discord.client | logging in using static token
2025-11-19 09:08:54,673 | INFO | discord.gateway | Shard ID None has connected to Gateway (Session ID: 0c69133adcaa5556a32265cb86d8feba).
2025-11-19 09:08:56,730 | INFO | discord | Bot démarré et connecté en tant que Logotage#9413
2025-11-19 09:24:50,066 | WARNING | discord.client | PyNaCl is not installed, voice will NOT be supported
2025-11-19 09:24:50,080 | INFO | discord.client | logging in using static token
2025-11-19 09:24:51,192 | INFO | discord.gateway | Shard ID None has connected to Gateway (Session ID: 02a052cce3eae57ea38f214cc978d839).
2025-11-19 09:24:54,093 | INFO | discord | Bot démarré et connecté en tant que Logotage#9413
2025-11-19 09:24:59,484 | ERROR | discord | Erreur critique inattendue : 413 Payload Too Large (Simulé)
Traceback (most recent call last):
  File "C:\Users\thibault.dehu\OneDrive - Houlès\Bureau\vscode\logotage\bot.py", line 127, in on_message
    success = image_process.add_watermark(original_filename, logoted_filename)
              ^^^^^^^^^^^^^^^^^^^^^^^^^^^^^^^^^^^^^^^^^^^^^^^^^^^^^^^^^^^^^^^^
  File "C:\Users\thibault.dehu\OneDrive - Houlès\Bureau\vscode\logotage\image_process.py", line 15, in add_watermark
    raise Exception("413 Payload Too Large (Simulé)")
Exception: 413 Payload Too Large (Simulé)
2025-11-19 09:24:59,509 | ERROR | discord.client | Ignoring exception in on_message
Traceback (most recent call last):
  File "C:\Users\thibault.dehu\OneDrive - Houlès\Bureau\vscode\logotage\bot.py", line 127, in on_message
    success = image_process.add_watermark(original_filename, logoted_filename)
              ^^^^^^^^^^^^^^^^^^^^^^^^^^^^^^^^^^^^^^^^^^^^^^^^^^^^^^^^^^^^^^^^
  File "C:\Users\thibault.dehu\OneDrive - Houlès\Bureau\vscode\logotage\image_process.py", line 15, in add_watermark
    raise Exception("413 Payload Too Large (Simulé)")
Exception: 413 Payload Too Large (Simulé)

During handling of the above exception, another exception occurred:

Traceback (most recent call last):
  File "C:\Users\thibault.dehu\OneDrive - Houlès\Bureau\vscode\logotage\.venv\Lib\site-packages\discord\client.py", line 504, in _run_event
    await coro(*args, **kwargs)
  File "C:\Users\thibault.dehu\OneDrive - Houlès\Bureau\vscode\logotage\bot.py", line 187, in on_message
    embed.set_footer(text=timestamp_text)
    ^^^^^
UnboundLocalError: cannot access local variable 'embed' where it is not associated with a value
2025-11-19 09:29:12,073 | WARNING | discord.client | PyNaCl is not installed, voice will NOT be supported
2025-11-19 09:29:12,097 | INFO | discord.client | logging in using static token
2025-11-19 09:29:13,321 | INFO | discord.gateway | Shard ID None has connected to Gateway (Session ID: 3fae198cb34a5549d05e597ee27ff0ba).
2025-11-19 09:29:15,390 | INFO | discord | Bot démarré et connecté en tant que Logotage#9413
2025-11-19 09:29:22,557 | ERROR | discord | Erreur critique inattendue : 413 Payload Too Large (Simulé)
Traceback (most recent call last):
  File "C:\Users\thibault.dehu\OneDrive - Houlès\Bureau\vscode\logotage\bot.py", line 127, in on_message
    success = image_process.add_watermark(original_filename, logoted_filename)
              ^^^^^^^^^^^^^^^^^^^^^^^^^^^^^^^^^^^^^^^^^^^^^^^^^^^^^^^^^^^^^^^^
  File "C:\Users\thibault.dehu\OneDrive - Houlès\Bureau\vscode\logotage\image_process.py", line 15, in add_watermark
    raise Exception("413 Payload Too Large (Simulé)")
Exception: 413 Payload Too Large (Simulé)
2025-11-19 09:29:22,687 | ERROR | discord.client | Ignoring exception in on_message
Traceback (most recent call last):
  File "C:\Users\thibault.dehu\OneDrive - Houlès\Bureau\vscode\logotage\bot.py", line 127, in on_message
    success = image_process.add_watermark(original_filename, logoted_filename)
              ^^^^^^^^^^^^^^^^^^^^^^^^^^^^^^^^^^^^^^^^^^^^^^^^^^^^^^^^^^^^^^^^
  File "C:\Users\thibault.dehu\OneDrive - Houlès\Bureau\vscode\logotage\image_process.py", line 15, in add_watermark
    raise Exception("413 Payload Too Large (Simulé)")
Exception: 413 Payload Too Large (Simulé)

During handling of the above exception, another exception occurred:

Traceback (most recent call last):
  File "C:\Users\thibault.dehu\OneDrive - Houlès\Bureau\vscode\logotage\.venv\Lib\site-packages\discord\client.py", line 504, in _run_event
    await coro(*args, **kwargs)
  File "C:\Users\thibault.dehu\OneDrive - Houlès\Bureau\vscode\logotage\bot.py", line 187, in on_message
    embed.set_footer(text=timestamp_text)
    ^^^^^
UnboundLocalError: cannot access local variable 'embed' where it is not associated with a value
2025-11-19 09:30:27,745 | WARNING | discord.client | PyNaCl is not installed, voice will NOT be supported
2025-11-19 09:30:27,802 | INFO | discord.client | logging in using static token
2025-11-19 09:30:28,937 | INFO | discord.gateway | Shard ID None has connected to Gateway (Session ID: a30535af35d8feceb975cc45aea35592).
2025-11-19 09:30:31,119 | INFO | discord | Bot démarré et connecté en tant que Logotage#9413
2025-11-19 09:30:33,333 | ERROR | discord | Erreur critique inattendue : 413 Payload Too Large (Simulé)
Traceback (most recent call last):
  File "C:\Users\thibault.dehu\OneDrive - Houlès\Bureau\vscode\logotage\bot.py", line 127, in on_message
    success = image_process.add_watermark(original_filename, logoted_filename)
              ^^^^^^^^^^^^^^^^^^^^^^^^^^^^^^^^^^^^^^^^^^^^^^^^^^^^^^^^^^^^^^^^
  File "C:\Users\thibault.dehu\OneDrive - Houlès\Bureau\vscode\logotage\image_process.py", line 15, in add_watermark
    raise Exception("413 Payload Too Large (Simulé)")
Exception: 413 Payload Too Large (Simulé)
